SQL*Plus: Release 11.2.0.4.0 Production on Tue Jan 13 11:30:55 2026

Copyright (c) 1982, 2013, Oracle.  All rights reserved.

Enter user-name: system
Enter password:

Connected to:
Oracle Database 11g Enterprise Edition Release 11.2.0.4.0 - 64bit Production
With the Partitioning, OLAP, Data Mining and Real Application Testing options

SQL> create user a2 identified by sit;

User created.

SQL> grant connect, resource to a2;

Grant succeeded.

SQL> alter user a2 identifieed by NEW_PASSWORD;
alter user a2 identifieed by NEW_PASSWORD
              *
ERROR at line 1:
ORA-00922: missing or invalid option


SQL> alter user a2 identified by NEW_PASSORD;

User altered.

SQL> alter user a2 identified by Active@123;
alter user a2 identified by Active@123
                                  *
ERROR at line 1:
ORA-00922: missing or invalid option


SQL> alter user a2 identified by active123;

User altered.

SQL> commit;

Commit complete.

SQL> create_table p_info (id int, name varchar2(0) contact int, desg varchar2(10));
create_table p_info (id int, name varchar2(0) contact int, desg varchar2(10))
*
ERROR at line 1:
ORA-00900: invalid SQL statement


SQL>  create table p_info (id int, name varchar2(50) contact int, desg varchar2(10));
 create table p_info (id int, name varchar2(50) contact int, desg varchar2(10))
                                                *
ERROR at line 1:
ORA-00907: missing right parenthesis


SQL>  create table p_info (id int, name varchar2(50), contact int, desg varchar2(10));

Table created.

SQL> select * from tab;

TNAME                          TABTYPE  CLUSTERID
------------------------------ ------- ----------
AQ$DEF$_AQCALL                 VIEW
AQ$DEF$_AQERROR                VIEW
AQ$_DEF$_AQCALL_F              VIEW
AQ$_DEF$_AQERROR_F             VIEW
AQ$_INTERNET_AGENTS            TABLE
AQ$_INTERNET_AGENT_PRIVS       TABLE
AQ$_QUEUES                     TABLE
AQ$_QUEUE_TABLES               TABLE
AQ$_SCHEDULES                  TABLE
CATALOG                        SYNONYM
COL                            SYNONYM

TNAME                          TABTYPE  CLUSTERID
------------------------------ ------- ----------
DEF$_AQCALL                    TABLE
DEF$_AQERROR                   TABLE
DEF$_CALLDEST                  TABLE
DEF$_DEFAULTDEST               TABLE
DEF$_DESTINATION               TABLE
DEF$_ERROR                     TABLE
DEF$_LOB                       TABLE
DEF$_ORIGIN                    TABLE
DEF$_PROPAGATOR                TABLE
DEF$_PUSHED_TRANSACTIONS       TABLE
HELP                           TABLE

TNAME                          TABTYPE  CLUSTERID
------------------------------ ------- ----------
LOGMNRC_CONCOL_GG              TABLE
LOGMNRC_CON_GG                 TABLE
LOGMNRC_DBNAME_UID_MAP         TABLE
LOGMNRC_GSBA                   TABLE
LOGMNRC_GSII                   TABLE
LOGMNRC_GTCS                   TABLE
LOGMNRC_GTLO                   TABLE
LOGMNRC_INDCOL_GG              TABLE
LOGMNRC_IND_GG                 TABLE
LOGMNRC_SEQ_GG                 TABLE
LOGMNRGGC_GTCS                 TABLE

TNAME                          TABTYPE  CLUSTERID
------------------------------ ------- ----------
LOGMNRGGC_GTLO                 TABLE
LOGMNRP_CTAS_PART_MAP          TABLE
LOGMNRT_MDDL$                  TABLE
LOGMNR_AGE_SPILL$              TABLE
LOGMNR_ATTRCOL$                TABLE
LOGMNR_ATTRIBUTE$              TABLE
LOGMNR_CCOL$                   TABLE
LOGMNR_CDEF$                   TABLE
LOGMNR_COL$                    TABLE
LOGMNR_COLTYPE$                TABLE
LOGMNR_CON$                    TABLE

TNAME                          TABTYPE  CLUSTERID
------------------------------ ------- ----------
LOGMNR_DICTIONARY$             TABLE
LOGMNR_DICTSTATE$              TABLE
LOGMNR_ENC$                    TABLE
LOGMNR_ERROR$                  TABLE
LOGMNR_FILTER$                 TABLE
LOGMNR_GLOBAL$                 TABLE
LOGMNR_GT_TAB_INCLUDE$         TABLE
LOGMNR_GT_USER_INCLUDE$        TABLE
LOGMNR_GT_XID_INCLUDE$         TABLE
LOGMNR_ICOL$                   TABLE
LOGMNR_IND$                    TABLE

TNAME                          TABTYPE  CLUSTERID
------------------------------ ------- ----------
LOGMNR_INDCOMPART$             TABLE
LOGMNR_INDPART$                TABLE
LOGMNR_INDSUBPART$             TABLE
LOGMNR_INTEGRATED_SPILL$       TABLE
LOGMNR_KOPM$                   TABLE
LOGMNR_LOB$                    TABLE
LOGMNR_LOBFRAG$                TABLE
LOGMNR_LOG$                    TABLE
LOGMNR_LOGMNR_BUILDLOG         TABLE
LOGMNR_NTAB$                   TABLE
LOGMNR_OBJ$                    TABLE

TNAME                          TABTYPE  CLUSTERID
------------------------------ ------- ----------
LOGMNR_OPQTYPE$                TABLE
LOGMNR_PARAMETER$              TABLE
LOGMNR_PARTOBJ$                TABLE
LOGMNR_PROCESSED_LOG$          TABLE
LOGMNR_PROPS$                  TABLE
LOGMNR_REFCON$                 TABLE
LOGMNR_RESTART_CKPT$           TABLE
LOGMNR_RESTART_CKPT_TXINFO$    TABLE
LOGMNR_SEED$                   TABLE
LOGMNR_SESSION$                TABLE
LOGMNR_SESSION_ACTIONS$        TABLE

TNAME                          TABTYPE  CLUSTERID
------------------------------ ------- ----------
LOGMNR_SESSION_EVOLVE$         TABLE
LOGMNR_SPILL$                  TABLE
LOGMNR_SUBCOLTYPE$             TABLE
LOGMNR_TAB$                    TABLE
LOGMNR_TABCOMPART$             TABLE
LOGMNR_TABPART$                TABLE
LOGMNR_TABSUBPART$             TABLE
LOGMNR_TS$                     TABLE
LOGMNR_TYPE$                   TABLE
LOGMNR_UID$                    TABLE
LOGMNR_USER$                   TABLE

TNAME                          TABTYPE  CLUSTERID
------------------------------ ------- ----------
LOGSTDBY$APPLY_MILESTONE       TABLE
LOGSTDBY$APPLY_PROGRESS        TABLE
LOGSTDBY$EDS_TABLES            TABLE
LOGSTDBY$EVENTS                TABLE
LOGSTDBY$FLASHBACK_SCN         TABLE
LOGSTDBY$HISTORY               TABLE
LOGSTDBY$PARAMETERS            TABLE
LOGSTDBY$PLSQL                 TABLE
LOGSTDBY$SCN                   TABLE
LOGSTDBY$SKIP                  TABLE
LOGSTDBY$SKIP_SUPPORT          TABLE

TNAME                          TABTYPE  CLUSTERID
------------------------------ ------- ----------
LOGSTDBY$SKIP_TRANSACTION      TABLE
MVIEW$_ADV_AJG                 TABLE
MVIEW$_ADV_BASETABLE           TABLE
MVIEW$_ADV_CLIQUE              TABLE
MVIEW$_ADV_ELIGIBLE            TABLE
MVIEW$_ADV_EXCEPTIONS          TABLE
MVIEW$_ADV_FILTER              TABLE
MVIEW$_ADV_FILTERINSTANCE      TABLE
MVIEW$_ADV_FJG                 TABLE
MVIEW$_ADV_GC                  TABLE
MVIEW$_ADV_INDEX               TABLE

TNAME                          TABTYPE  CLUSTERID
------------------------------ ------- ----------
MVIEW$_ADV_INFO                TABLE
MVIEW$_ADV_JOURNAL             TABLE
MVIEW$_ADV_LEVEL               TABLE
MVIEW$_ADV_LOG                 TABLE
MVIEW$_ADV_OUTPUT              TABLE
MVIEW$_ADV_OWB                 TABLE
MVIEW$_ADV_PARAMETERS          TABLE
MVIEW$_ADV_PARTITION           TABLE
MVIEW$_ADV_PLAN                TABLE
MVIEW$_ADV_PRETTY              TABLE
MVIEW$_ADV_ROLLUP              TABLE

TNAME                          TABTYPE  CLUSTERID
------------------------------ ------- ----------
MVIEW$_ADV_SQLDEPEND           TABLE
MVIEW$_ADV_TEMP                TABLE
MVIEW$_ADV_WORKLOAD            TABLE
MVIEW_EVALUATIONS              VIEW
MVIEW_EXCEPTIONS               VIEW
MVIEW_FILTER                   VIEW
MVIEW_FILTERINSTANCE           VIEW
MVIEW_LOG                      VIEW
MVIEW_RECOMMENDATIONS          VIEW
MVIEW_WORKLOAD                 VIEW
OL$                            TABLE

TNAME                          TABTYPE  CLUSTERID
------------------------------ ------- ----------
OL$HINTS                       TABLE
OL$NODES                       TABLE
PRODUCT_PRIVS                  VIEW
PRODUCT_USER_PROFILE           SYNONYM
PUBLICSYN                      SYNONYM
P_INFO                         TABLE
REPCAT$_AUDIT_ATTRIBUTE        TABLE
REPCAT$_AUDIT_COLUMN           TABLE
REPCAT$_COLUMN_GROUP           TABLE
REPCAT$_CONFLICT               TABLE
REPCAT$_DDL                    TABLE

TNAME                          TABTYPE  CLUSTERID
------------------------------ ------- ----------
REPCAT$_EXCEPTIONS             TABLE
REPCAT$_EXTENSION              TABLE
REPCAT$_FLAVORS                TABLE
REPCAT$_FLAVOR_OBJECTS         TABLE
REPCAT$_GENERATED              TABLE
REPCAT$_GROUPED_COLUMN         TABLE
REPCAT$_INSTANTIATION_DDL      TABLE
REPCAT$_KEY_COLUMNS            TABLE
REPCAT$_OBJECT_PARMS           TABLE
REPCAT$_OBJECT_TYPES           TABLE
REPCAT$_PARAMETER_COLUMN       TABLE

TNAME                          TABTYPE  CLUSTERID
------------------------------ ------- ----------
REPCAT$_PRIORITY               TABLE
REPCAT$_PRIORITY_GROUP         TABLE
REPCAT$_REFRESH_TEMPLATES      TABLE
REPCAT$_REPCAT                 TABLE
REPCAT$_REPCATLOG              TABLE
REPCAT$_REPCOLUMN              TABLE
REPCAT$_REPGROUP_PRIVS         TABLE
REPCAT$_REPOBJECT              TABLE
REPCAT$_REPPROP                TABLE
REPCAT$_REPSCHEMA              TABLE
REPCAT$_RESOLUTION             TABLE

TNAME                          TABTYPE  CLUSTERID
------------------------------ ------- ----------
REPCAT$_RESOLUTION_METHOD      TABLE
REPCAT$_RESOLUTION_STATISTICS  TABLE
REPCAT$_RESOL_STATS_CONTROL    TABLE
REPCAT$_RUNTIME_PARMS          TABLE
REPCAT$_SITES_NEW              TABLE
REPCAT$_SITE_OBJECTS           TABLE
REPCAT$_SNAPGROUP              TABLE
REPCAT$_TEMPLATE_OBJECTS       TABLE
REPCAT$_TEMPLATE_PARMS         TABLE
REPCAT$_TEMPLATE_REFGROUPS     TABLE
REPCAT$_TEMPLATE_SITES         TABLE

TNAME                          TABTYPE  CLUSTERID
------------------------------ ------- ----------
REPCAT$_TEMPLATE_STATUS        TABLE
REPCAT$_TEMPLATE_TARGETS       TABLE
REPCAT$_TEMPLATE_TYPES         TABLE
REPCAT$_USER_AUTHORIZATIONS    TABLE
REPCAT$_USER_PARM_VALUES       TABLE
SCHEDULER_JOB_ARGS             VIEW
SCHEDULER_JOB_ARGS_TBL         TABLE
SCHEDULER_PROGRAM_ARGS         VIEW
SCHEDULER_PROGRAM_ARGS_TBL     TABLE
SQLPLUS_PRODUCT_PROFILE        TABLE
SYSCATALOG                     SYNONYM

TNAME                          TABTYPE  CLUSTERID
------------------------------ ------- ----------
SYSFILES                       SYNONYM
TAB                            SYNONYM
TABQUOTAS                      SYNONYM

190 rows selected.

SQL> select * from p_info;

no rows selected

SQL> insert into p_values (101, 'xyz', 99235160812, 'student');
insert into p_values (101, 'xyz', 99235160812, 'student')
                      *
ERROR at line 1:
ORA-00928: missing SELECT keyword


SQL> insert into p_info values (101, 'xyz', 99235160812, 'student');

1 row created.

SQL> commit
  2  commit;
commit
*
ERROR at line 2:
ORA-02185: a token other than WORK follows COMMIT


SQL> commit;

Commit complete.

SQL>
